// Jest Snapshot v1, https://goo.gl/fbAQLP

exports[`ArticleInList component renders correctly 1`] = `
<article>
  <section
    className="row"
  >
    <div
      className="col-lg-8 offset-lg-2"
    >
      <a
        href="/test"
        onClick={[Function]}
        onMouseEnter={[Function]}
        title="title"
      >
        <section
          className="cover"
          style={
            Object {
              "backgroundImage": "url(/custom-image.png)",
            }
          }
        />
        <h2>
          title
        </h2>
        <small
          className="date"
        >
          <time
            dateTime="2020-12-01 16:00"
            pubdate="yes"
          >
            2020-12-01
          </time>
        </small>
        <p>
          this is the description
        </p>
      </a>
    </div>
  </section>
</article>
`;
