// Jest Snapshot v1, https://goo.gl/fbAQLP

exports[`PageDetail component renders correctly 1`] = `
<article
  className="page detail"
>
  <header>
    <h1>
      title
    </h1>
  </header>
  <section
    className="row"
  >
    <div
      className="col-lg-8 offset-lg-2"
    >
      <div
        dangerouslySetInnerHTML={
          Object {
            "__html": "<h2>test</h2><p>test world</p>",
          }
        }
      />
    </div>
  </section>
</article>
`;
